---
source: crates/tui/src/ui.rs
expression: "render_text(120, 30, &help)"
---
 SonicMux generic-tv · AC3 640k · jobs 4    idle
 1 Queue  │  2 Tracks  │  3 Logs  │  4 Settings

┌Queue─────────────────────────────────────────────────────────────────┐┌Selected file─────────────────────────────────┐
│                      No MKV files in the queue.                      ││  Select a queue item to inspect its tracks.  │
│                                                                      ││                                              │
│          Press a to add ┌Help──────────────────────────────────────────────────────────────┐                         │
│                         │1–4 / Tab   switch screens                                        │                         │
│                         │j/k, arrows move selection                                        │                         │
│                         │g/G         first / last item                                     │                         │
│                         │a           add file, directory, or glob                          │                         │
│                         │d           remove selected idle item                             │                         │
│                         │Space       enable or disable selected item                       │                         │
│                         │s           start enabled ready items                             │                         │
│                         │c, Ctrl+C   cancel and wait for cleanup                           │                         │
│                         │r           retry failed or cancelled items                       │                         │
│                         │h/l, Enter  change selected setting                               │                         │
│                         │q           quit when idle                                        │                         │
│                         │Esc         close an overlay                                      │                         │
│                         │                                                                  │                         │
│                         │                                                                  │                         │
│                         │                                                                  │                         │
│                         │                                                                  │                         │
│                         └──────────────────────────────────────────────────────────────────┘                         │
│                                                                      ││                                              │
│                                                                      ││                                              │
│                                                                      ││                                              │
└──────────────────────────────────────────────────────────────────────┘└──────────────────────────────────────────────┘
                                                       Overall --
a add  d remove  Space enable  s start  c cancel  j/k move  ? help  q quit
