---
source: crates/core/src/plan.rs
expression: "build(&media(&[ac3(true), dts(false), dts(false)]),\n&policy(OutputMode::Add, RequestedAction::Convert))"
---
Ok(
    Execute(
        JobPlan {
            input: "movie.mkv",
            output: "movie.sonicmux.mkv",
            action: Transcode,
            duration: None,
            streams: [
                Copy {
                    source: StreamIndex(
                        0,
                    ),
                    dispositions: Dispositions {
                        default: false,
                        dub: false,
                        original: false,
                        comment: false,
                        lyrics: false,
                        karaoke: false,
                        forced: false,
                        hearing_impaired: false,
                        visual_impaired: false,
                        clean_effects: false,
                        attached_pic: false,
                        timed_thumbnails: false,
                        captions: false,
                        descriptions: false,
                        metadata: false,
                        dependent: false,
                        still_image: false,
                        other: {},
                    },
                },
                Copy {
                    source: StreamIndex(
                        1,
                    ),
                    dispositions: Dispositions {
                        default: true,
                        dub: false,
                        original: false,
                        comment: false,
                        lyrics: false,
                        karaoke: false,
                        forced: true,
                        hearing_impaired: false,
                        visual_impaired: false,
                        clean_effects: false,
                        attached_pic: false,
                        timed_thumbnails: false,
                        captions: false,
                        descriptions: false,
                        metadata: false,
                        dependent: false,
                        still_image: false,
                        other: {},
                    },
                },
                Copy {
                    source: StreamIndex(
                        2,
                    ),
                    dispositions: Dispositions {
                        default: false,
                        dub: false,
                        original: false,
                        comment: false,
                        lyrics: false,
                        karaoke: false,
                        forced: true,
                        hearing_impaired: false,
                        visual_impaired: false,
                        clean_effects: false,
                        attached_pic: false,
                        timed_thumbnails: false,
                        captions: false,
                        descriptions: false,
                        metadata: false,
                        dependent: false,
                        still_image: false,
                        other: {},
                    },
                },
                Copy {
                    source: StreamIndex(
                        3,
                    ),
                    dispositions: Dispositions {
                        default: false,
                        dub: false,
                        original: false,
                        comment: false,
                        lyrics: false,
                        karaoke: false,
                        forced: true,
                        hearing_impaired: false,
                        visual_impaired: false,
                        clean_effects: false,
                        attached_pic: false,
                        timed_thumbnails: false,
                        captions: false,
                        descriptions: false,
                        metadata: false,
                        dependent: false,
                        still_image: false,
                        other: {},
                    },
                },
                EncodeAudio {
                    source: StreamIndex(
                        2,
                    ),
                    target: Ac3 {
                        bitrate: Ac3Bitrate(
                            640000,
                        ),
                        layout: KeepUpTo51,
                    },
                    output_channels: ChannelCount(
                        6,
                    ),
                    metadata: MetadataPlan {
                        metadata: Metadata(
                            {
                                "language": "eng",
                                "title": "Main [AC-3 5.1]",
                            },
                        ),
                    },
                    dispositions: Dispositions {
                        default: false,
                        dub: false,
                        original: false,
                        comment: false,
                        lyrics: false,
                        karaoke: false,
                        forced: true,
                        hearing_impaired: false,
                        visual_impaired: false,
                        clean_effects: false,
                        attached_pic: false,
                        timed_thumbnails: false,
                        captions: false,
                        descriptions: false,
                        metadata: false,
                        dependent: false,
                        still_image: false,
                        other: {},
                    },
                },
                EncodeAudio {
                    source: StreamIndex(
                        3,
                    ),
                    target: Ac3 {
                        bitrate: Ac3Bitrate(
                            640000,
                        ),
                        layout: KeepUpTo51,
                    },
                    output_channels: ChannelCount(
                        6,
                    ),
                    metadata: MetadataPlan {
                        metadata: Metadata(
                            {
                                "language": "eng",
                                "title": "Main [AC-3 5.1]",
                            },
                        ),
                    },
                    dispositions: Dispositions {
                        default: false,
                        dub: false,
                        original: false,
                        comment: false,
                        lyrics: false,
                        karaoke: false,
                        forced: true,
                        hearing_impaired: false,
                        visual_impaired: false,
                        clean_effects: false,
                        attached_pic: false,
                        timed_thumbnails: false,
                        captions: false,
                        descriptions: false,
                        metadata: false,
                        dependent: false,
                        still_image: false,
                        other: {},
                    },
                },
            ],
            copy_chapters: true,
            copy_global_metadata: true,
            warnings: [],
            expected: OutputExpectations {
                streams: [
                    ExpectedStream {
                        source: StreamIndex(
                            0,
                        ),
                        kind: Video,
                        codec: Copied(
                            "hevc",
                        ),
                        timing: StreamTiming {
                            start: None,
                            duration_ticks: None,
                        },
                        metadata: Metadata(
                            {},
                        ),
                        dispositions: Dispositions {
                            default: false,
                            dub: false,
                            original: false,
                            comment: false,
                            lyrics: false,
                            karaoke: false,
                            forced: false,
                            hearing_impaired: false,
                            visual_impaired: false,
                            clean_effects: false,
                            attached_pic: false,
                            timed_thumbnails: false,
                            captions: false,
                            descriptions: false,
                            metadata: false,
                            dependent: false,
                            still_image: false,
                            other: {},
                        },
                    },
                    ExpectedStream {
                        source: StreamIndex(
                            1,
                        ),
                        kind: Audio,
                        codec: Copied(
                            "ac3",
                        ),
                        timing: StreamTiming {
                            start: None,
                            duration_ticks: None,
                        },
                        metadata: Metadata(
                            {
                                "language": "eng",
                                "title": "Compatible",
                            },
                        ),
                        dispositions: Dispositions {
                            default: true,
                            dub: false,
                            original: false,
                            comment: false,
                            lyrics: false,
                            karaoke: false,
                            forced: true,
                            hearing_impaired: false,
                            visual_impaired: false,
                            clean_effects: false,
                            attached_pic: false,
                            timed_thumbnails: false,
                            captions: false,
                            descriptions: false,
                            metadata: false,
                            dependent: false,
                            still_image: false,
                            other: {},
                        },
                    },
                    ExpectedStream {
                        source: StreamIndex(
                            2,
                        ),
                        kind: Audio,
                        codec: Copied(
                            "dts",
                        ),
                        timing: StreamTiming {
                            start: None,
                            duration_ticks: None,
                        },
                        metadata: Metadata(
                            {
                                "language": "eng",
                                "title": "Main",
                            },
                        ),
                        dispositions: Dispositions {
                            default: false,
                            dub: false,
                            original: false,
                            comment: false,
                            lyrics: false,
                            karaoke: false,
                            forced: true,
                            hearing_impaired: false,
                            visual_impaired: false,
                            clean_effects: false,
                            attached_pic: false,
                            timed_thumbnails: false,
                            captions: false,
                            descriptions: false,
                            metadata: false,
                            dependent: false,
                            still_image: false,
                            other: {},
                        },
                    },
                    ExpectedStream {
                        source: StreamIndex(
                            3,
                        ),
                        kind: Audio,
                        codec: Copied(
                            "dts",
                        ),
                        timing: StreamTiming {
                            start: None,
                            duration_ticks: None,
                        },
                        metadata: Metadata(
                            {
                                "language": "eng",
                                "title": "Main",
                            },
                        ),
                        dispositions: Dispositions {
                            default: false,
                            dub: false,
                            original: false,
                            comment: false,
                            lyrics: false,
                            karaoke: false,
                            forced: true,
                            hearing_impaired: false,
                            visual_impaired: false,
                            clean_effects: false,
                            attached_pic: false,
                            timed_thumbnails: false,
                            captions: false,
                            descriptions: false,
                            metadata: false,
                            dependent: false,
                            still_image: false,
                            other: {},
                        },
                    },
                    ExpectedStream {
                        source: StreamIndex(
                            2,
                        ),
                        kind: Audio,
                        codec: Encoded(
                            "AC-3",
                        ),
                        timing: StreamTiming {
                            start: None,
                            duration_ticks: None,
                        },
                        metadata: Metadata(
                            {
                                "language": "eng",
                                "title": "Main [AC-3 5.1]",
                            },
                        ),
                        dispositions: Dispositions {
                            default: false,
                            dub: false,
                            original: false,
                            comment: false,
                            lyrics: false,
                            karaoke: false,
                            forced: true,
                            hearing_impaired: false,
                            visual_impaired: false,
                            clean_effects: false,
                            attached_pic: false,
                            timed_thumbnails: false,
                            captions: false,
                            descriptions: false,
                            metadata: false,
                            dependent: false,
                            still_image: false,
                            other: {},
                        },
                    },
                    ExpectedStream {
                        source: StreamIndex(
                            3,
                        ),
                        kind: Audio,
                        codec: Encoded(
                            "AC-3",
                        ),
                        timing: StreamTiming {
                            start: None,
                            duration_ticks: None,
                        },
                        metadata: Metadata(
                            {
                                "language": "eng",
                                "title": "Main [AC-3 5.1]",
                            },
                        ),
                        dispositions: Dispositions {
                            default: false,
                            dub: false,
                            original: false,
                            comment: false,
                            lyrics: false,
                            karaoke: false,
                            forced: true,
                            hearing_impaired: false,
                            visual_impaired: false,
                            clean_effects: false,
                            attached_pic: false,
                            timed_thumbnails: false,
                            captions: false,
                            descriptions: false,
                            metadata: false,
                            dependent: false,
                            still_image: false,
                            other: {},
                        },
                    },
                ],
                chapters: [],
                global_metadata: Metadata(
                    {},
                ),
            },
        },
    ),
)
